// Jest Snapshot v1, https://goo.gl/fbAQLP

exports[`index renders landing page 1`] = `
Array [
  <header
    css={
      Object {
        "map": undefined,
        "name": "8jyx37",
        "next": undefined,
        "styles": "
  height: 1rem;
  color: #C5C6C7;
  line-height: 1;
  padding-right: 2rem;
  margin-top: 0.5rem;
  padding-left: 80vw;

  @media only screen and (min-width: 768px) {
    height: 1.5rem;
  }
  @media only screen and (min-width: 992px) {
    height: 1.75rem;
    padding-left: 85vw;
  }
  @media only screen and (min-width: 1200px) {
    height: 2rem;
    padding-left: 85vw;
  }
",
      }
    }
  >
    <ul
      css={
        Object {
          "map": undefined,
          "name": "1ad2a0w",
          "next": undefined,
          "styles": "
  display: flex;
  height: inherit;
  list-style-type: none;
  flex-wrap: nowrap;
  justify-content: space-evenly;
  @media only screen and (max-width: 768px) {
    display: none;
  }
",
        }
      }
    >
      <li
        css={
          Object {
            "map": undefined,
            "name": "1ypjkz1",
            "next": undefined,
            "styles": "
  flex: auto;
",
          }
        }
      >
        <a
          href="https://github.com/alexbavinton"
        >
          <div
            className="mock"
          />
        </a>
      </li>
      <li
        css={
          Object {
            "map": undefined,
            "name": "1ypjkz1",
            "next": undefined,
            "styles": "
  flex: auto;
",
          }
        }
      >
        <a
          href="https://www.linkedin.com/in/alex-bavinton"
        >
          <div
            className="mock"
          />
        </a>
      </li>
      <li
        css={
          Object {
            "map": undefined,
            "name": "1ypjkz1",
            "next": undefined,
            "styles": "
  flex: auto;
",
          }
        }
      >
        <a
          href="https://www.instagram.com/alexbavinton/"
        >
          <div
            className="mock"
          />
        </a>
      </li>
    </ul>
  </header>,
  <main />,
]
`;
